[mimity31.netlify.com/index.html]
[mimity31.netlify.com/favicon.ico]
[backblue.gif]
[fade.gif]
[index.html]
[mimity31.netlify.com/bootstrap/css/bootstrap.min.css]
[mimity31.netlify.com/css/animate.min.css]
[mimity31.netlify.com/css/font-awesome.min.css]
[mimity31.netlify.com/css/owl.carousel.min.css]
[mimity31.netlify.com/css/owl.theme.default.min.css]
[mimity31.netlify.com/css/style.min.css]
[mimity31.netlify.com/index-2.html]
[mimity31.netlify.com/products.html]
[mimity31.netlify.com/cart.html]
[mimity31.netlify.com/checkout.html]
[mimity31.netlify.com/about.html]
[mimity31.netlify.com/blog.html]
[mimity31.netlify.com/blog-detail.html]
[mimity31.netlify.com/compare.html]
[mimity31.netlify.com/contact.html]
[mimity31.netlify.com/cart-empty.html]
[mimity31.netlify.com/404.html]
[mimity31.netlify.com/faq.html]
[mimity31.netlify.com/login.html]
[mimity31.netlify.com/detail.html]
[mimity31.netlify.com/register.html]
[mimity31.netlify.com/account-order.html]
[mimity31.netlify.com/account-profile.html]
[mimity31.netlify.com/account-address.html]
[mimity31.netlify.com/account-wishlist.html]
[mimity31.netlify.com/account-password.html]
[mimity31.netlify.com/images/en.jpg]
[mimity31.netlify.com/images/fr.jpg]
[mimity31.netlify.com/images/logo-teal-small.png]
[mimity31.netlify.com/images/logo-teal.png]
[mimity31.netlify.com/images/wishlist.png]
[mimity31.netlify.com/images/cart.png]
[mimity31.netlify.com/images/product/polo1-small.jpg]
[mimity31.netlify.com/images/product/polo2-small.jpg]
[mimity31.netlify.com/images/product/polo3-small.jpg]
[mimity31.netlify.com/images/product/polo4-small.jpg]
[mimity31.netlify.com/images/product/type-polo.jpg]
[mimity31.netlify.com/images/product/type-hooded.jpg]
[mimity31.netlify.com/images/product/mega-menu.jpg]
[mimity31.netlify.com/images/product/type-round.jpg]
[mimity31.netlify.com/images/product/type-vneck.jpg]
[mimity31.netlify.com/images/product/polo1.jpg]
[mimity31.netlify.com/images/product/polo2.jpg]
[mimity31.netlify.com/images/product/polo3.jpg]
[mimity31.netlify.com/images/product/polo4.jpg]
[mimity31.netlify.com/images/product/polo5.jpg]
[mimity31.netlify.com/images/product/vneck1.jpg]
[mimity31.netlify.com/images/product/vneck2.jpg]
[mimity31.netlify.com/images/product/vneck3.jpg]
[mimity31.netlify.com/images/product/vneck5.jpg]
[mimity31.netlify.com/images/product/vneck4.jpg]
[mimity31.netlify.com/images/product/vneck6.jpg]
[mimity31.netlify.com/images/brand/brand1.png]
[mimity31.netlify.com/images/brand/brand2.png]
[mimity31.netlify.com/images/brand/brand3.png]
[mimity31.netlify.com/images/brand/brand4.png]
[mimity31.netlify.com/images/brand/brand5.png]
[mimity31.netlify.com/images/payment-1.png]
[mimity31.netlify.com/images/payment-2.png]
[mimity31.netlify.com/images/payment-3.png]
[mimity31.netlify.com/images/payment-4.png]
[mimity31.netlify.com/images/payment-5.png]
[mimity31.netlify.com/js/jquery-3.2.1.min.js]
[mimity31.netlify.com/js/popper.min.js]
[mimity31.netlify.com/bootstrap/js/bootstrap.min.js]
[mimity31.netlify.com/js/bootstrap3-typeahead.min.js]
[mimity31.netlify.com/js/owl.carousel.min.js]
[mimity31.netlify.com/js/mimity.min.js]
[mimity31.netlify.com/index.html]
[mimity31.netlify.com/bootstrap/css/bootstrap.min.css]
[mimity31.netlify.com/css/animate.min.css]
[mimity31.netlify.com/fonts/fontawesome-webfont3e6e.eot]
[mimity31.netlify.com/fonts/fontawesome-webfont3e6e.woff2]
[mimity31.netlify.com/fonts/fontawesome-webfontd41d.eot]
[mimity31.netlify.com/fonts/fontawesome-webfont3e6e.woff]
[mimity31.netlify.com/fonts/fontawesome-webfont3e6e.ttf]
[mimity31.netlify.com/css/font-awesome.min.css]
[mimity31.netlify.com/css/owl.video.play.png]
[mimity31.netlify.com/css/owl.carousel.min.css]
[mimity31.netlify.com/css/owl.theme.default.min.css]
[mimity31.netlify.com/fonts/lato/lato-v14-latin_latin-ext-300.woff2]
[mimity31.netlify.com/fonts/fontawesome-webfont3e6e.svg]
[mimity31.netlify.com/fonts/lato/lato-v14-latin_latin-ext-300.woff]
[mimity31.netlify.com/fonts/lato/lato-v14-latin_latin-ext-300italic.woff2]
[mimity31.netlify.com/fonts/lato/lato-v14-latin_latin-ext-regular.woff2]
[mimity31.netlify.com/fonts/lato/lato-v14-latin_latin-ext-300italic.woff]
[mimity31.netlify.com/fonts/lato/lato-v14-latin_latin-ext-italic.woff2]
[mimity31.netlify.com/fonts/lato/lato-v14-latin_latin-ext-regular.woff]
[mimity31.netlify.com/fonts/lato/lato-v14-latin_latin-ext-italic.woff]
[mimity31.netlify.com/fonts/lato/lato-v14-latin_latin-ext-700italic.woff2]
[mimity31.netlify.com/fonts/lato/lato-v14-latin_latin-ext-700.woff2]
[mimity31.netlify.com/fonts/lato/lato-v14-latin_latin-ext-700italic.woff]
[mimity31.netlify.com/fonts/roboto-condensed/roboto-condensed-v16-latin-regular.woff2]
[mimity31.netlify.com/fonts/lato/lato-v14-latin_latin-ext-700.woff]
[mimity31.netlify.com/fonts/roboto-condensed/roboto-condensed-v16-latin-regular.woff]
[mimity31.netlify.com/fonts/roboto-condensed/roboto-condensed-v16-latin-700.woff2]
[mimity31.netlify.com/images/circles-dark.png]
[mimity31.netlify.com/css/style.min.css]
[mimity31.netlify.com/index-2.html]
[mimity31.netlify.com/fonts/roboto-condensed/roboto-condensed-v16-latin-700.woff]
[mimity31.netlify.com/css/nouislider.min.css]
[mimity31.netlify.com/js/nouislider.min.js]
[mimity31.netlify.com/products.html]
[mimity31.netlify.com/cart.html]
[mimity31.netlify.com/checkout.html]
[mimity31.netlify.com/images/team.jpg]
[mimity31.netlify.com/about.html]
[mimity31.netlify.com/images/blog/blog1.jpg]
[mimity31.netlify.com/images/blog/blog2.jpg]
[mimity31.netlify.com/images/blog/blog3.jpg]
[mimity31.netlify.com/images/blog/blog4.jpg]
[mimity31.netlify.com/blog.html]
[mimity31.netlify.com/images/blog/blog-detail.jpg]
[mimity31.netlify.com/blog-detail.html]
[mimity31.netlify.com/compare.html]
[mimity31.netlify.com/contact.html]
[mimity31.netlify.com/cart-empty.html]
[mimity31.netlify.com/404.html]
[mimity31.netlify.com/faq.html]
[mimity31.netlify.com/login.html]
[mimity31.netlify.com/images/product/polo1-1.jpg]
[mimity31.netlify.com/images/product/polo1-2.jpg]
[mimity31.netlify.com/images/product/polo1-3.jpg]
[mimity31.netlify.com/images/product/polo1-4.jpg]
[mimity31.netlify.com/images/product/polo1-5.jpg]
[mimity31.netlify.com/js/jquery.raty-fa.min.js]
[mimity31.netlify.com/js/jquery.ez-plus.min.js]
[mimity31.netlify.com/detail.html]
[mimity31.netlify.com/register.html]
[mimity31.netlify.com/images/user.png]
[mimity31.netlify.com/account-order.html]
[mimity31.netlify.com/account-profile.html]
[mimity31.netlify.com/account-address.html]
[mimity31.netlify.com/account-wishlist.html]
[mimity31.netlify.com/account-password.html]
[mimity31.netlify.com/fonts/fontawesome-webfont3e6e.svg]
[mimity31.netlify.com/css/owl.video.play.html]
[mimity31.netlify.com/css/nouislider.min.css]
